I'm sorry, but errors were detected in your script. Please correct the
errors listed below, and try again.


File "game/screens.rpy", line 1165: 'padding' is not a keyword argument or valid child of the hbox statement.
    padding 10
           ^

Ren'Py Version: Ren'Py 8.1.1.23060707
Mon May 25 15:55:11 2026
